******************************************************************************
             TMS320C2000 Linker PC v18.1.4                     
******************************************************************************
>> Linked Sat Feb  2 22:36:48 2019

OUTPUT FILE NAME:   <HW3.out>
ENTRY POINT SYMBOL: "_c_int00"  address: 00009000


MEMORY CONFIGURATION

         name            origin    length      used     unused   attr    fill
----------------------  --------  ---------  --------  --------  ----  --------
PAGE 0:
  BEGIN                 00000000   00000002  00000000  00000002  RWIX
  RAMM0                 00000122   000002de  00000000  000002de  RWIX
  RAMLS0                00008000   00000800  00000017  000007e9  RWIX
  RAMLS1                00008800   00000800  00000000  00000800  RWIX
  RAMLS2                00009000   00000800  000000ca  00000736  RWIX
  RAMLS3                00009800   00000800  00000000  00000800  RWIX
  RAMLS4                0000a000   00000800  00000000  00000800  RWIX
  RAMD0                 0000b000   00000800  00000000  00000800  RWIX
  RESET                 003fffc0   00000002  00000000  00000002  RWIX

PAGE 1:
  BOOT_RSVD             00000002   00000120  00000000  00000120  RWIX
  RAMM1                 00000400   00000400  00000000  00000400  RWIX
  RAMLS5                0000a800   00000800  00000000  00000800  RWIX
  RAMD1                 0000b800   00000800  00000000  00000800  RWIX
  RAMGS0                0000c000   00001000  00000000  00001000  RWIX
  RAMGS1                0000d000   00001000  00000000  00001000  RWIX
  RAMGS2                0000e000   00001000  00000000  00001000  RWIX
  RAMGS3                0000f000   00001000  00000000  00001000  RWIX
  RAMGS4                00010000   00001000  00000000  00001000  RWIX
  RAMGS5                00011000   00001000  00000000  00001000  RWIX
  RAMGS6                00012000   00001000  00000000  00001000  RWIX
  RAMGS7                00013000   00001000  00000000  00001000  RWIX
  RAMGS8                00014000   00001000  00000000  00001000  RWIX
  RAMGS9                00015000   00001000  00000000  00001000  RWIX
  RAMGS10               00016000   00001000  00000000  00001000  RWIX
  RAMGS11               00017000   00001000  00000000  00001000  RWIX
  RAMGS12               00018000   00001000  00000000  00001000  RWIX
  RAMGS13               00019000   00001000  00000000  00001000  RWIX
  RAMGS14               0001a000   00001000  00000000  00001000  RWIX
  RAMGS15               0001b000   00001000  00000000  00001000  RWIX
  CPU2TOCPU1RAM         0003f800   00000400  00000000  00000400  RWIX
  CPU1TOCPU2RAM         0003fc00   00000400  00000000  00000400  RWIX


SECTION ALLOCATION MAP

 output                                  attributes/
section   page    origin      length       input sections
--------  ----  ----------  ----------   ----------------
.data      0    00008000    00000017     
                  00008000    00000008     HW3_Q1.obj (.data)
                  00008008    00000008     HW3_Q2.obj (.data)
                  00008010    00000007     HW3_Q4.obj (.data)

.text      0    00009000    000000ca     
                  00009000    0000004d     HW3_Q1.obj (.text)
                  0000904d    0000003f     HW3_Q4.obj (.text)
                  0000908c    0000003e     HW3_Q2.obj (.text)

.cinit     0    00000122    00000000     UNINITIALIZED

.pinit     0    00000122    00000000     UNINITIALIZED

.reset     0    003fffc0    00000000     DSECT

GETBUFFER 
*          0    0003f800    00000000     DSECT

GETWRITEIDX 
*          0    0003f800    00000000     DSECT

PUTREADIDX 
*          0    0003f800    00000000     DSECT

MODULE SUMMARY

       Module         code   initialized data   uninitialized data
       ------         ----   ----------------   ------------------
    .\
       HW3_Q1.obj     77     8                  0                 
       HW3_Q2.obj     62     8                  0                 
       HW3_Q4.obj     63     7                  0                 
    +--+--------------+------+------------------+--------------------+
       Total:         202    23                 0                 
                                                                  
    +--+--------------+------+------------------+--------------------+
       Grand Total:   202    23                 0                 


GLOBAL DATA SYMBOLS: SORTED BY DATA PAGE

address     data page           name
--------    ----------------    ----
00008000     200 (00008000)     Temp0
00008002     200 (00008000)     ADC_Value
00008004     200 (00008000)     Resolut
00008006     200 (00008000)     Ones
00008007     200 (00008000)     Tenths
00008012     200 (00008000)     fraction
00008014     200 (00008000)     Fahrenheit


GLOBAL SYMBOLS: SORTED ALPHABETICALLY BY Name 

page  address   name                 
----  -------   ----                 
0     00008000  .data                
0     00009000  .text                
0     00008002  ADC_Value            
0     00008014  Fahrenheit           
0     00008006  Ones                 
0     00008004  Resolut              
0     00008000  Temp0                
0     00008007  Tenths               
abs   ffffffff  ___TI_pprof_out_hndl 
abs   ffffffff  ___TI_prof_data_size 
abs   ffffffff  ___TI_prof_data_start
abs   ffffffff  ___binit__           
abs   ffffffff  ___c_args__          
abs   ffffffff  ___cinit__           
0     00008000  ___data__            
0     00008017  ___edata__           
0     000090ca  ___etext__           
abs   ffffffff  ___pinit__           
0     00009000  ___text__            
0     00009000  _c_int00             
abs   ffffffff  binit                
abs   ffffffff  cinit                
0     00008017  edata                
0     000090ca  etext                
0     00008012  fraction             
abs   ffffffff  pinit                


GLOBAL SYMBOLS: SORTED BY Symbol Address 

page  address   name                 
----  -------   ----                 
0     00008000  .data                
0     00008000  Temp0                
0     00008000  ___data__            
0     00008002  ADC_Value            
0     00008004  Resolut              
0     00008006  Ones                 
0     00008007  Tenths               
0     00008012  fraction             
0     00008014  Fahrenheit           
0     00008017  ___edata__           
0     00008017  edata                
0     00009000  .text                
0     00009000  ___text__            
0     00009000  _c_int00             
0     000090ca  ___etext__           
0     000090ca  etext                
abs   ffffffff  ___TI_pprof_out_hndl 
abs   ffffffff  ___TI_prof_data_size 
abs   ffffffff  ___TI_prof_data_start
abs   ffffffff  ___binit__           
abs   ffffffff  ___c_args__          
abs   ffffffff  ___cinit__           
abs   ffffffff  ___pinit__           
abs   ffffffff  binit                
abs   ffffffff  cinit                
abs   ffffffff  pinit                

[26 symbols]
