******************************************************************************
             TMS320C2000 Linker PC v18.1.4                     
******************************************************************************
>> Linked Wed Feb  6 16:32:20 2019

OUTPUT FILE NAME:   <LAB3.out>
ENTRY POINT SYMBOL: "_c_int00"  address: 00009000


MEMORY CONFIGURATION

         name            origin    length      used     unused   attr    fill
----------------------  --------  ---------  --------  --------  ----  --------
PAGE 0:
  BEGIN                 00000000   00000002  00000000  00000002  RWIX
  RAMM0                 00000122   000002de  00000000  000002de  RWIX
  RAMLS0                00008000   00000800  00000064  0000079c  RWIX
  RAMLS1                00008800   00000800  00000000  00000800  RWIX
  RAMLS2                00009000   00000800  0000016a  00000696  RWIX
  RAMLS3                00009800   00000800  00000000  00000800  RWIX
  RAMLS4                0000a000   00000800  000000ab  00000755  RWIX
  RAMD0                 0000b000   00000800  00000000  00000800  RWIX
  RESET                 003fffc0   00000002  00000000  00000002  RWIX

PAGE 1:
  BOOT_RSVD             00000002   00000120  00000000  00000120  RWIX
  RAMM1                 00000400   00000400  00000000  00000400  RWIX
  RAMLS5                0000a800   00000800  00000000  00000800  RWIX
  RAMD1                 0000b800   00000800  00000000  00000800  RWIX
  RAMGS0                0000c000   00001000  00000000  00001000  RWIX
  RAMGS1                0000d000   00001000  00000000  00001000  RWIX
  RAMGS2                0000e000   00001000  00000000  00001000  RWIX
  RAMGS3                0000f000   00001000  00000000  00001000  RWIX
  RAMGS4                00010000   00001000  00000000  00001000  RWIX
  RAMGS5                00011000   00001000  00000000  00001000  RWIX
  RAMGS6                00012000   00001000  00000000  00001000  RWIX
  RAMGS7                00013000   00001000  00000000  00001000  RWIX
  RAMGS8                00014000   00001000  00000000  00001000  RWIX
  RAMGS9                00015000   00001000  00000000  00001000  RWIX
  RAMGS10               00016000   00001000  00000000  00001000  RWIX
  RAMGS11               00017000   00001000  00000000  00001000  RWIX
  RAMGS12               00018000   00001000  00000000  00001000  RWIX
  RAMGS13               00019000   00001000  00000000  00001000  RWIX
  RAMGS14               0001a000   00001000  00000000  00001000  RWIX
  RAMGS15               0001b000   00001000  00000000  00001000  RWIX
  CPU2TOCPU1RAM         0003f800   00000400  00000000  00000400  RWIX
  CPU1TOCPU2RAM         0003fc00   00000400  00000000  00000400  RWIX


SECTION ALLOCATION MAP

 output                                  attributes/
section   page    origin      length       input sections
--------  ----  ----------  ----------   ----------------
.data      0    00008000    00000064     
                  00008000    00000041     QVect.obj (.data)
                  00008041    00000001     --HOLE-- [fill = 0]
                  00008042    00000022     Part3.obj (.data)

.text      0    00009000    0000016a     
                  00009000    0000016a     Part3.obj (.text)

.cinit     0    00000122    00000000     UNINITIALIZED

.pinit     0    00000122    00000000     UNINITIALIZED

.reset     0    003fffc0    00000000     DSECT

.ebss      0    0000a000    000000ab     UNINITIALIZED
                  0000a000    0000006b     Part3.obj (.ebss)
                  0000a06b    00000040     QVect.obj (.ebss)

GETBUFFER 
*          0    0003f800    00000000     DSECT

GETWRITEIDX 
*          0    0003f800    00000000     DSECT

PUTREADIDX 
*          0    0003f800    00000000     DSECT

MODULE SUMMARY

       Module         code   initialized data   uninitialized data
       ------         ----   ----------------   ------------------
    .\
       Part3.obj      362    34                 107               
       QVect.obj      0      65                 64                
    +--+--------------+------+------------------+--------------------+
       Total:         362    99                 171               
                                                                  
    +--+--------------+------+------------------+--------------------+
       Grand Total:   362    99                 171               


GLOBAL DATA SYMBOLS: SORTED BY DATA PAGE

address     data page           name
--------    ----------------    ----
00008000     200 (00008000)     Input_vect

00008040     201 (00008040)     Input_Length
00008060     201 (00008040)     scale
00008062     201 (00008040)     minus

0000a000     280 (0000a000)     paramSP
0000a002     280 (0000a000)     paramStack

0000a068     281 (0000a040)     StringAddr
0000a06a     281 (0000a040)     LCD_Data
0000a06b     281 (0000a040)     Output_Vect


GLOBAL SYMBOLS: SORTED ALPHABETICALLY BY Name 

page  address   name                 
----  -------   ----                 
0     00008000  .data                
0     00009000  .text                
abs   00007f04  GPACLEAR             
abs   00007c00  GPACTRL              
abs   00007f00  GPADAT               
abs   00007c0a  GPADIR               
abs   00007c20  GPAGMUX1             
abs   00007c22  GPAGMUX2             
abs   00007c06  GPAMUX1              
abs   00007c08  GPAMUX2              
abs   00007c0c  GPAPUD               
abs   00007f02  GPASET               
abs   00007f06  GPATOGGLE            
abs   00007f1c  GPDCLEAR             
abs   00007cca  GPDDIR               
abs   00007cd2  GPDODR               
abs   00007ccc  GPDPUD               
abs   00007f1a  GPDSET               
abs   00007c00  GPIO_CTRL            
abs   00007f00  GPIO_DATA            
abs   00000300  I2CPins              
0     00008040  Input_Length         
0     00008000  Input_vect           
0     0000a06a  LCD_Data             
abs   000000ff  LEDPins              
0     0000a06b  Output_Vect          
abs   0000000e  PB                   
abs   0001c000  PBPins               
abs   00000200  SCL                  
abs   00000100  SDA                  
0     0000a068  StringAddr           
abs   00000008  Switch               
abs   00000f00  SwitchPins           
abs   ffffffff  ___TI_pprof_out_hndl 
abs   ffffffff  ___TI_prof_data_size 
abs   ffffffff  ___TI_prof_data_start
abs   ffffffff  ___binit__           
abs   ffffffff  ___c_args__          
abs   ffffffff  ___cinit__           
0     00008000  ___data__            
0     00008064  ___edata__           
0     0000916a  ___etext__           
abs   ffffffff  ___pinit__           
0     00009000  ___text__            
0     00009000  _c_int00             
abs   ffffffff  binit                
abs   ffffffff  cinit                
0     00008064  edata                
0     0000916a  etext                
abs   00000006  length               
0     00008062  minus                
abs   0000ff00  nLEDPins             
0     0000a000  paramSP              
0     0000a002  paramStack           
abs   ffffffff  pinit                
0     00008060  scale                


GLOBAL SYMBOLS: SORTED BY Symbol Address 

page  address   name                 
----  -------   ----                 
0     00008000  .data                
0     00008000  Input_vect           
0     00008000  ___data__            
0     00008040  Input_Length         
0     00008060  scale                
0     00008062  minus                
0     00008064  ___edata__           
0     00008064  edata                
0     00009000  .text                
0     00009000  ___text__            
0     00009000  _c_int00             
0     0000916a  ___etext__           
0     0000916a  etext                
0     0000a000  paramSP              
0     0000a002  paramStack           
0     0000a068  StringAddr           
0     0000a06a  LCD_Data             
0     0000a06b  Output_Vect          
abs   00000006  length               
abs   00000008  Switch               
abs   0000000e  PB                   
abs   000000ff  LEDPins              
abs   00000100  SDA                  
abs   00000200  SCL                  
abs   00000300  I2CPins              
abs   00000f00  SwitchPins           
abs   00007c00  GPACTRL              
abs   00007c00  GPIO_CTRL            
abs   00007c06  GPAMUX1              
abs   00007c08  GPAMUX2              
abs   00007c0a  GPADIR               
abs   00007c0c  GPAPUD               
abs   00007c20  GPAGMUX1             
abs   00007c22  GPAGMUX2             
abs   00007cca  GPDDIR               
abs   00007ccc  GPDPUD               
abs   00007cd2  GPDODR               
abs   00007f00  GPADAT               
abs   00007f00  GPIO_DATA            
abs   00007f02  GPASET               
abs   00007f04  GPACLEAR             
abs   00007f06  GPATOGGLE            
abs   00007f1a  GPDSET               
abs   00007f1c  GPDCLEAR             
abs   0000ff00  nLEDPins             
abs   0001c000  PBPins               
abs   ffffffff  ___TI_pprof_out_hndl 
abs   ffffffff  ___TI_prof_data_size 
abs   ffffffff  ___TI_prof_data_start
abs   ffffffff  ___binit__           
abs   ffffffff  ___c_args__          
abs   ffffffff  ___cinit__           
abs   ffffffff  ___pinit__           
abs   ffffffff  binit                
abs   ffffffff  cinit                
abs   ffffffff  pinit                

[56 symbols]
