******************************************************************************
             TMS320C2000 Linker PC v18.1.4                     
******************************************************************************
>> Linked Fri Feb  1 18:49:26 2019

OUTPUT FILE NAME:   <LAB2s.out>
ENTRY POINT SYMBOL: "_c_int00"  address: 00009000


MEMORY CONFIGURATION

         name            origin    length      used     unused   attr    fill
----------------------  --------  ---------  --------  --------  ----  --------
PAGE 0:
  BEGIN                 00000000   00000002  00000000  00000002  RWIX
  RAMM0                 00000122   000002de  00000000  000002de  RWIX
  RAMLS0                00008000   00000800  0000001e  000007e2  RWIX
  RAMLS1                00008800   00000800  00000000  00000800  RWIX
  RAMLS2                00009000   00000800  00000020  000007e0  RWIX
  RAMLS3                00009800   00000800  00000000  00000800  RWIX
  RAMLS4                0000a000   00000800  0000006d  00000793  RWIX
  RAMD0                 0000b000   00000800  00000000  00000800  RWIX
  RESET                 003fffc0   00000002  00000000  00000002  RWIX

PAGE 1:
  BOOT_RSVD             00000002   00000120  00000000  00000120  RWIX
  RAMM1                 00000400   00000400  00000000  00000400  RWIX
  RAMLS5                0000a800   00000800  00000000  00000800  RWIX
  RAMD1                 0000b800   00000800  00000000  00000800  RWIX
  RAMGS0                0000c000   00001000  00000000  00001000  RWIX
  RAMGS1                0000d000   00001000  00000000  00001000  RWIX
  RAMGS2                0000e000   00001000  00000000  00001000  RWIX
  RAMGS3                0000f000   00001000  00000000  00001000  RWIX
  RAMGS4                00010000   00001000  00000000  00001000  RWIX
  RAMGS5                00011000   00001000  00000000  00001000  RWIX
  RAMGS6                00012000   00001000  00000000  00001000  RWIX
  RAMGS7                00013000   00001000  00000000  00001000  RWIX
  RAMGS8                00014000   00001000  00000000  00001000  RWIX
  RAMGS9                00015000   00001000  00000000  00001000  RWIX
  RAMGS10               00016000   00001000  00000000  00001000  RWIX
  RAMGS11               00017000   00001000  00000000  00001000  RWIX
  RAMGS12               00018000   00001000  00000000  00001000  RWIX
  RAMGS13               00019000   00001000  00000000  00001000  RWIX
  RAMGS14               0001a000   00001000  00000000  00001000  RWIX
  RAMGS15               0001b000   00001000  00000000  00001000  RWIX
  CPU2TOCPU1RAM         0003f800   00000400  00000000  00000400  RWIX
  CPU1TOCPU2RAM         0003fc00   00000400  00000000  00000400  RWIX


SECTION ALLOCATION MAP

 output                                  attributes/
section   page    origin      length       input sections
--------  ----  ----------  ----------   ----------------
.data      0    00008000    0000001e     
                  00008000    0000001e     Quiz2 - Wednesday.obj (.data)

.text      0    00009000    00000020     
                  00009000    00000020     QuizL.obj (.text)

.cinit     0    00000122    00000000     UNINITIALIZED

.pinit     0    00000122    00000000     UNINITIALIZED

.reset     0    003fffc0    00000000     DSECT

.ebss      0    0000a000    0000006d     UNINITIALIZED
                  0000a000    00000069     QuizL.obj (.ebss)
                  0000a069    00000004     Quiz2 - Wednesday.obj (.ebss)

GETBUFFER 
*          0    0003f800    00000000     DSECT

GETWRITEIDX 
*          0    0003f800    00000000     DSECT

PUTREADIDX 
*          0    0003f800    00000000     DSECT

MODULE SUMMARY

       Module                  code   initialized data   uninitialized data
       ------                  ----   ----------------   ------------------
    .\
       QuizL.obj               32     0                  105               
       Quiz2 - Wednesday.obj   0      30                 4                 
    +--+-----------------------+------+------------------+--------------------+
       Total:                  32     30                 109               
                                                                           
    +--+-----------------------+------+------------------+--------------------+
       Grand Total:            32     30                 109               


GLOBAL DATA SYMBOLS: SORTED BY DATA PAGE

address     data page           name
--------    ----------------    ----
00008000     200 (00008000)     Quiz_Values
0000801c     200 (00008000)     Quiz_Values_Length

0000a000     280 (0000a000)     paramSP
0000a002     280 (0000a000)     paramStack

0000a068     281 (0000a040)     temp16
0000a069     281 (0000a040)     Min_Value
0000a06b     281 (0000a040)     Max_Value


GLOBAL SYMBOLS: SORTED ALPHABETICALLY BY Name 

page  address   name                 
----  -------   ----                 
0     00008000  .data                
0     00009000  .text                
abs   00007f04  GPACLEAR             
abs   00007c00  GPACTRL              
abs   00007f00  GPADAT               
abs   00007c0a  GPADIR               
abs   00007c20  GPAGMUX1             
abs   00007c22  GPAGMUX2             
abs   00007c06  GPAMUX1              
abs   00007c08  GPAMUX2              
abs   00007c0c  GPAPUD               
abs   00007f02  GPASET               
abs   00007f06  GPATOGGLE            
abs   00007c00  GPIO_CTRL            
abs   00007f00  GPIO_DATA            
abs   000000ff  LEDPins              
0     0000a06b  Max_Value            
0     0000a069  Min_Value            
abs   0000000e  PB                   
abs   0001c000  PBPins               
0     00008000  Quiz_Values          
0     0000801c  Quiz_Values_Length   
abs   00000008  Switch               
abs   00000f00  SwitchPins           
abs   ffffffff  ___TI_pprof_out_hndl 
abs   ffffffff  ___TI_prof_data_size 
abs   ffffffff  ___TI_prof_data_start
abs   ffffffff  ___binit__           
abs   ffffffff  ___c_args__          
abs   ffffffff  ___cinit__           
0     00008000  ___data__            
0     0000801e  ___edata__           
0     00009020  ___etext__           
abs   ffffffff  ___pinit__           
0     00009000  ___text__            
0     00009000  _c_int00             
abs   ffffffff  binit                
abs   ffffffff  cinit                
0     0000801e  edata                
0     00009020  etext                
abs   00000006  length               
abs   0000ff00  nLEDPins             
0     0000a000  paramSP              
0     0000a002  paramStack           
abs   ffffffff  pinit                
0     0000a068  temp16               


GLOBAL SYMBOLS: SORTED BY Symbol Address 

page  address   name                 
----  -------   ----                 
0     00008000  .data                
0     00008000  Quiz_Values          
0     00008000  ___data__            
0     0000801c  Quiz_Values_Length   
0     0000801e  ___edata__           
0     0000801e  edata                
0     00009000  .text                
0     00009000  ___text__            
0     00009000  _c_int00             
0     00009020  ___etext__           
0     00009020  etext                
0     0000a000  paramSP              
0     0000a002  paramStack           
0     0000a068  temp16               
0     0000a069  Min_Value            
0     0000a06b  Max_Value            
abs   00000006  length               
abs   00000008  Switch               
abs   0000000e  PB                   
abs   000000ff  LEDPins              
abs   00000f00  SwitchPins           
abs   00007c00  GPACTRL              
abs   00007c00  GPIO_CTRL            
abs   00007c06  GPAMUX1              
abs   00007c08  GPAMUX2              
abs   00007c0a  GPADIR               
abs   00007c0c  GPAPUD               
abs   00007c20  GPAGMUX1             
abs   00007c22  GPAGMUX2             
abs   00007f00  GPADAT               
abs   00007f00  GPIO_DATA            
abs   00007f02  GPASET               
abs   00007f04  GPACLEAR             
abs   00007f06  GPATOGGLE            
abs   0000ff00  nLEDPins             
abs   0001c000  PBPins               
abs   ffffffff  ___TI_pprof_out_hndl 
abs   ffffffff  ___TI_prof_data_size 
abs   ffffffff  ___TI_prof_data_start
abs   ffffffff  ___binit__           
abs   ffffffff  ___c_args__          
abs   ffffffff  ___cinit__           
abs   ffffffff  ___pinit__           
abs   ffffffff  binit                
abs   ffffffff  cinit                
abs   ffffffff  pinit                

[46 symbols]
